
===========================================================================
report_checks -path_delay min (Hold)
============================================================================
======================= Typical Corner ===================================

Startpoint: _207_ (rising edge-triggered flip-flop clocked by clk)
Endpoint: _207_ (rising edge-triggered flip-flop clocked by clk)
Path Group: clk
Path Type: min

Fanout     Cap    Slew   Delay    Time   Description
-----------------------------------------------------------------------------
                  0.15    0.00    0.00   clock clk (rise edge)
                          0.00    0.00   clock network delay (ideal)
                  0.15    0.00    0.00 ^ _207_/CLK (sky130_fd_sc_hd__dfxtp_1)
                  0.05    0.33    0.33 ^ _207_/Q (sky130_fd_sc_hd__dfxtp_1)
     2    0.00                           net22 (net)
                  0.05    0.00    0.33 ^ _144_/A0 (sky130_fd_sc_hd__mux2_1)
                  0.05    0.12    0.44 ^ _144_/X (sky130_fd_sc_hd__mux2_1)
     1    0.00                           _042_ (net)
                  0.05    0.00    0.44 ^ _145_/A (sky130_fd_sc_hd__clkbuf_1)
                  0.04    0.07    0.52 ^ _145_/X (sky130_fd_sc_hd__clkbuf_1)
     1    0.00                           _013_ (net)
                  0.04    0.00    0.52 ^ _207_/D (sky130_fd_sc_hd__dfxtp_1)
                                  0.52   data arrival time

                  0.15    0.00    0.00   clock clk (rise edge)
                          0.00    0.00   clock network delay (ideal)
                          0.25    0.25   clock uncertainty
                          0.00    0.25   clock reconvergence pessimism
                                  0.25 ^ _207_/CLK (sky130_fd_sc_hd__dfxtp_1)
                         -0.02    0.23   library hold time
                                  0.23   data required time
-----------------------------------------------------------------------------
                                  0.23   data required time
                                 -0.52   data arrival time
-----------------------------------------------------------------------------
                                  0.29   slack (MET)


Startpoint: _203_ (rising edge-triggered flip-flop clocked by clk)
Endpoint: _203_ (rising edge-triggered flip-flop clocked by clk)
Path Group: clk
Path Type: min

Fanout     Cap    Slew   Delay    Time   Description
-----------------------------------------------------------------------------
                  0.15    0.00    0.00   clock clk (rise edge)
                          0.00    0.00   clock network delay (ideal)
                  0.15    0.00    0.00 ^ _203_/CLK (sky130_fd_sc_hd__dfxtp_1)
                  0.09    0.35    0.35 ^ _203_/Q (sky130_fd_sc_hd__dfxtp_1)
     3    0.01                           spks_cnt[1] (net)
                  0.09    0.00    0.35 ^ _117_/A (sky130_fd_sc_hd__and2_1)
                  0.06    0.13    0.48 ^ _117_/X (sky130_fd_sc_hd__and2_1)
     1    0.00                           _090_ (net)
                  0.06    0.00    0.48 ^ _118_/A2 (sky130_fd_sc_hd__o21a_1)
                  0.04    0.10    0.58 ^ _118_/X (sky130_fd_sc_hd__o21a_1)
     1    0.00                           _009_ (net)
                  0.04    0.00    0.58 ^ _203_/D (sky130_fd_sc_hd__dfxtp_1)
                                  0.58   data arrival time

                  0.15    0.00    0.00   clock clk (rise edge)
                          0.00    0.00   clock network delay (ideal)
                          0.25    0.25   clock uncertainty
                          0.00    0.25   clock reconvergence pessimism
                                  0.25 ^ _203_/CLK (sky130_fd_sc_hd__dfxtp_1)
                         -0.02    0.23   library hold time
                                  0.23   data required time
-----------------------------------------------------------------------------
                                  0.23   data required time
                                 -0.58   data arrival time
-----------------------------------------------------------------------------
                                  0.35   slack (MET)


Startpoint: _202_ (rising edge-triggered flip-flop clocked by clk)
Endpoint: _202_ (rising edge-triggered flip-flop clocked by clk)
Path Group: clk
Path Type: min

Fanout     Cap    Slew   Delay    Time   Description
-----------------------------------------------------------------------------
                  0.15    0.00    0.00   clock clk (rise edge)
                          0.00    0.00   clock network delay (ideal)
                  0.15    0.00    0.00 ^ _202_/CLK (sky130_fd_sc_hd__dfxtp_1)
                  0.11    0.37    0.37 ^ _202_/Q (sky130_fd_sc_hd__dfxtp_1)
     3    0.01                           spks_cnt[0] (net)
                  0.11    0.00    0.37 ^ _115_/S (sky130_fd_sc_hd__mux2_1)
                  0.04    0.14    0.51 ^ _115_/X (sky130_fd_sc_hd__mux2_1)
     1    0.00                           _089_ (net)
                  0.04    0.00    0.51 ^ _116_/A (sky130_fd_sc_hd__clkbuf_1)
                  0.05    0.08    0.59 ^ _116_/X (sky130_fd_sc_hd__clkbuf_1)
     1    0.00                           _008_ (net)
                  0.05    0.00    0.59 ^ _202_/D (sky130_fd_sc_hd__dfxtp_1)
                                  0.59   data arrival time

                  0.15    0.00    0.00   clock clk (rise edge)
                          0.00    0.00   clock network delay (ideal)
                          0.25    0.25   clock uncertainty
                          0.00    0.25   clock reconvergence pessimism
                                  0.25 ^ _202_/CLK (sky130_fd_sc_hd__dfxtp_1)
                         -0.02    0.23   library hold time
                                  0.23   data required time
-----------------------------------------------------------------------------
                                  0.23   data required time
                                 -0.59   data arrival time
-----------------------------------------------------------------------------
                                  0.35   slack (MET)


Startpoint: _199_ (rising edge-triggered flip-flop clocked by clk)
Endpoint: _199_ (rising edge-triggered flip-flop clocked by clk)
Path Group: clk
Path Type: min

Fanout     Cap    Slew   Delay    Time   Description
-----------------------------------------------------------------------------
                  0.15    0.00    0.00   clock clk (rise edge)
                          0.00    0.00   clock network delay (ideal)
                  0.15    0.00    0.00 ^ _199_/CLK (sky130_fd_sc_hd__dfxtp_1)
                  0.13    0.38    0.38 ^ _199_/Q (sky130_fd_sc_hd__dfxtp_1)
     3    0.01                           time_step_pre[5] (net)
                  0.13    0.00    0.38 ^ _107_/A0 (sky130_fd_sc_hd__mux2_1)
                  0.04    0.14    0.52 ^ _107_/X (sky130_fd_sc_hd__mux2_1)
     1    0.00                           _084_ (net)
                  0.04    0.00    0.52 ^ _108_/A (sky130_fd_sc_hd__clkbuf_1)
                  0.05    0.08    0.60 ^ _108_/X (sky130_fd_sc_hd__clkbuf_1)
     1    0.00                           _005_ (net)
                  0.05    0.00    0.60 ^ _199_/D (sky130_fd_sc_hd__dfxtp_1)
                                  0.60   data arrival time

                  0.15    0.00    0.00   clock clk (rise edge)
                          0.00    0.00   clock network delay (ideal)
                          0.25    0.25   clock uncertainty
                          0.00    0.25   clock reconvergence pessimism
                                  0.25 ^ _199_/CLK (sky130_fd_sc_hd__dfxtp_1)
                         -0.02    0.23   library hold time
                                  0.23   data required time
-----------------------------------------------------------------------------
                                  0.23   data required time
                                 -0.60   data arrival time
-----------------------------------------------------------------------------
                                  0.37   slack (MET)


Startpoint: _217_ (rising edge-triggered flip-flop clocked by clk)
Endpoint: _217_ (rising edge-triggered flip-flop clocked by clk)
Path Group: clk
Path Type: min

Fanout     Cap    Slew   Delay    Time   Description
-----------------------------------------------------------------------------
                  0.15    0.00    0.00   clock clk (rise edge)
                          0.00    0.00   clock network delay (ideal)
                  0.15    0.00    0.00 ^ _217_/CLK (sky130_fd_sc_hd__dfxtp_1)
                  0.14    0.39    0.39 ^ _217_/Q (sky130_fd_sc_hd__dfxtp_1)
     4    0.01                           time_step_post[5] (net)
                  0.14    0.00    0.39 ^ _188_/A0 (sky130_fd_sc_hd__mux2_1)
                  0.04    0.14    0.53 ^ _188_/X (sky130_fd_sc_hd__mux2_1)
     1    0.00                           _076_ (net)
                  0.04    0.00    0.53 ^ _189_/A (sky130_fd_sc_hd__clkbuf_1)
                  0.04    0.08    0.61 ^ _189_/X (sky130_fd_sc_hd__clkbuf_1)
     1    0.00                           _023_ (net)
                  0.04    0.00    0.61 ^ _217_/D (sky130_fd_sc_hd__dfxtp_1)
                                  0.61   data arrival time

                  0.15    0.00    0.00   clock clk (rise edge)
                          0.00    0.00   clock network delay (ideal)
                          0.25    0.25   clock uncertainty
                          0.00    0.25   clock reconvergence pessimism
                                  0.25 ^ _217_/CLK (sky130_fd_sc_hd__dfxtp_1)
                         -0.02    0.23   library hold time
                                  0.23   data required time
-----------------------------------------------------------------------------
                                  0.23   data required time
                                 -0.61   data arrival time
-----------------------------------------------------------------------------
                                  0.38   slack (MET)


Startpoint: _194_ (rising edge-triggered flip-flop clocked by clk)
Endpoint: _204_ (rising edge-triggered flip-flop clocked by clk)
Path Group: clk
Path Type: min

Fanout     Cap    Slew   Delay    Time   Description
-----------------------------------------------------------------------------
                  0.15    0.00    0.00   clock clk (rise edge)
                          0.00    0.00   clock network delay (ideal)
                  0.15    0.00    0.00 ^ _194_/CLK (sky130_fd_sc_hd__dfxtp_1)
                  0.07    0.35    0.35 ^ _194_/Q (sky130_fd_sc_hd__dfxtp_1)
     3    0.01                           time_step_pre[0] (net)
                  0.07    0.00    0.35 ^ _122_/A (sky130_fd_sc_hd__or2b_1)
                  0.03    0.09    0.43 ^ _122_/X (sky130_fd_sc_hd__or2b_1)
     1    0.00                           _094_ (net)
                  0.03    0.00    0.43 ^ _123_/C (sky130_fd_sc_hd__and4b_1)
                  0.04    0.15    0.59 ^ _123_/X (sky130_fd_sc_hd__and4b_1)
     1    0.00                           _095_ (net)
                  0.04    0.00    0.59 ^ _124_/B1_N (sky130_fd_sc_hd__o21ba_1)
                  0.03    0.12    0.71 v _124_/X (sky130_fd_sc_hd__o21ba_1)
     1    0.00                           _010_ (net)
                  0.03    0.00    0.71 v _204_/D (sky130_fd_sc_hd__dfxtp_1)
                                  0.71   data arrival time

                  0.15    0.00    0.00   clock clk (rise edge)
                          0.00    0.00   clock network delay (ideal)
                          0.25    0.25   clock uncertainty
                          0.00    0.25   clock reconvergence pessimism
                                  0.25 ^ _204_/CLK (sky130_fd_sc_hd__dfxtp_1)
                         -0.02    0.23   library hold time
                                  0.23   data required time
-----------------------------------------------------------------------------
                                  0.23   data required time
                                 -0.71   data arrival time
-----------------------------------------------------------------------------
                                  0.48   slack (MET)


Startpoint: _196_ (rising edge-triggered flip-flop clocked by clk)
Endpoint: _206_ (rising edge-triggered flip-flop clocked by clk)
Path Group: clk
Path Type: min

Fanout     Cap    Slew   Delay    Time   Description
-----------------------------------------------------------------------------
                  0.15    0.00    0.00   clock clk (rise edge)
                          0.00    0.00   clock network delay (ideal)
                  0.15    0.00    0.00 ^ _196_/CLK (sky130_fd_sc_hd__dfxtp_1)
                  0.10    0.36    0.36 ^ _196_/Q (sky130_fd_sc_hd__dfxtp_1)
     3    0.01                           time_step_pre[2] (net)
                  0.10    0.00    0.36 ^ _132_/B (sky130_fd_sc_hd__xnor2_1)
                  0.07    0.09    0.46 v _132_/Y (sky130_fd_sc_hd__xnor2_1)
     3    0.01                           _031_ (net)
                  0.07    0.00    0.46 v _134_/B (sky130_fd_sc_hd__nand2_1)
                  0.09    0.11    0.57 ^ _134_/Y (sky130_fd_sc_hd__nand2_1)
     3    0.01                           _033_ (net)
                  0.09    0.00    0.57 ^ _135_/A2 (sky130_fd_sc_hd__a21bo_1)
                  0.04    0.11    0.68 ^ _135_/X (sky130_fd_sc_hd__a21bo_1)
     1    0.00                           _034_ (net)
                  0.04    0.00    0.68 ^ _136_/B1 (sky130_fd_sc_hd__o22a_1)
                  0.04    0.11    0.79 ^ _136_/X (sky130_fd_sc_hd__o22a_1)
     1    0.00                           _012_ (net)
                  0.04    0.00    0.79 ^ _206_/D (sky130_fd_sc_hd__dfxtp_1)
                                  0.79   data arrival time

                  0.15    0.00    0.00   clock clk (rise edge)
                          0.00    0.00   clock network delay (ideal)
                          0.25    0.25   clock uncertainty
                          0.00    0.25   clock reconvergence pessimism
                                  0.25 ^ _206_/CLK (sky130_fd_sc_hd__dfxtp_1)
                         -0.02    0.23   library hold time
                                  0.23   data required time
-----------------------------------------------------------------------------
                                  0.23   data required time
                                 -0.79   data arrival time
-----------------------------------------------------------------------------
                                  0.55   slack (MET)


Startpoint: _201_ (rising edge-triggered flip-flop clocked by clk)
Endpoint: _211_ (rising edge-triggered flip-flop clocked by clk)
Path Group: clk
Path Type: min

Fanout     Cap    Slew   Delay    Time   Description
-----------------------------------------------------------------------------
                  0.15    0.00    0.00   clock clk (rise edge)
                          0.00    0.00   clock network delay (ideal)
                  0.15    0.00    0.00 ^ _201_/CLK (sky130_fd_sc_hd__dfxtp_1)
                  0.08    0.35    0.35 ^ _201_/Q (sky130_fd_sc_hd__dfxtp_1)
     2    0.01                           time_step_pre[7] (net)
                  0.08    0.00    0.35 ^ _173_/B (sky130_fd_sc_hd__xor2_1)
                  0.05    0.08    0.43 v _173_/X (sky130_fd_sc_hd__xor2_1)
     2    0.01                           _067_ (net)
                  0.05    0.00    0.43 v _175_/A2 (sky130_fd_sc_hd__o21ai_1)
                  0.11    0.15    0.58 ^ _175_/Y (sky130_fd_sc_hd__o21ai_1)
     1    0.01                           _069_ (net)
                  0.11    0.00    0.58 ^ _176_/A1 (sky130_fd_sc_hd__mux2_1)
                  0.05    0.14    0.71 ^ _176_/X (sky130_fd_sc_hd__mux2_1)
     1    0.00                           _070_ (net)
                  0.05    0.00    0.71 ^ _177_/A (sky130_fd_sc_hd__clkbuf_1)
                  0.04    0.07    0.79 ^ _177_/X (sky130_fd_sc_hd__clkbuf_1)
     1    0.00                           _017_ (net)
                  0.04    0.00    0.79 ^ _211_/D (sky130_fd_sc_hd__dfxtp_1)
                                  0.79   data arrival time

                  0.15    0.00    0.00   clock clk (rise edge)
                          0.00    0.00   clock network delay (ideal)
                          0.25    0.25   clock uncertainty
                          0.00    0.25   clock reconvergence pessimism
                                  0.25 ^ _211_/CLK (sky130_fd_sc_hd__dfxtp_1)
                         -0.02    0.23   library hold time
                                  0.23   data required time
-----------------------------------------------------------------------------
                                  0.23   data required time
                                 -0.79   data arrival time
-----------------------------------------------------------------------------
                                  0.55   slack (MET)


Startpoint: _203_ (rising edge-triggered flip-flop clocked by clk)
Endpoint: _208_ (rising edge-triggered flip-flop clocked by clk)
Path Group: clk
Path Type: min

Fanout     Cap    Slew   Delay    Time   Description
-----------------------------------------------------------------------------
                  0.15    0.00    0.00   clock clk (rise edge)
                          0.00    0.00   clock network delay (ideal)
                  0.15    0.00    0.00 ^ _203_/CLK (sky130_fd_sc_hd__dfxtp_1)
                  0.09    0.35    0.35 ^ _203_/Q (sky130_fd_sc_hd__dfxtp_1)
     3    0.01                           spks_cnt[1] (net)
                  0.09    0.00    0.35 ^ _119_/B (sky130_fd_sc_hd__and2b_1)
                  0.06    0.14    0.49 ^ _119_/X (sky130_fd_sc_hd__and2b_1)
     2    0.01                           _091_ (net)
                  0.06    0.00    0.49 ^ _120_/A (sky130_fd_sc_hd__clkbuf_4)
                  0.10    0.17    0.66 ^ _120_/X (sky130_fd_sc_hd__clkbuf_4)
    10    0.03                           _092_ (net)
                  0.10    0.00    0.66 ^ _154_/A2 (sky130_fd_sc_hd__o22a_1)
                  0.05    0.13    0.80 ^ _154_/X (sky130_fd_sc_hd__o22a_1)
     1    0.00                           _014_ (net)
                  0.05    0.00    0.80 ^ _208_/D (sky130_fd_sc_hd__dfxtp_1)
                                  0.80   data arrival time

                  0.15    0.00    0.00   clock clk (rise edge)
                          0.00    0.00   clock network delay (ideal)
                          0.25    0.25   clock uncertainty
                          0.00    0.25   clock reconvergence pessimism
                                  0.25 ^ _208_/CLK (sky130_fd_sc_hd__dfxtp_1)
                         -0.02    0.23   library hold time
                                  0.23   data required time
-----------------------------------------------------------------------------
                                  0.23   data required time
                                 -0.80   data arrival time
-----------------------------------------------------------------------------
                                  0.56   slack (MET)


Startpoint: _199_ (rising edge-triggered flip-flop clocked by clk)
Endpoint: _209_ (rising edge-triggered flip-flop clocked by clk)
Path Group: clk
Path Type: min

Fanout     Cap    Slew   Delay    Time   Description
-----------------------------------------------------------------------------
                  0.15    0.00    0.00   clock clk (rise edge)
                          0.00    0.00   clock network delay (ideal)
                  0.15    0.00    0.00 ^ _199_/CLK (sky130_fd_sc_hd__dfxtp_1)
                  0.13    0.38    0.38 ^ _199_/Q (sky130_fd_sc_hd__dfxtp_1)
     3    0.01                           time_step_pre[5] (net)
                  0.13    0.00    0.38 ^ _155_/B (sky130_fd_sc_hd__xor2_1)
                  0.06    0.11    0.49 v _155_/X (sky130_fd_sc_hd__xor2_1)
     3    0.01                           _051_ (net)
                  0.06    0.00    0.49 v _158_/A1 (sky130_fd_sc_hd__o21ai_1)
                  0.06    0.11    0.60 ^ _158_/Y (sky130_fd_sc_hd__o21ai_1)
     1    0.00                           _054_ (net)
                  0.06    0.00    0.60 ^ _159_/A1 (sky130_fd_sc_hd__mux2_1)
                  0.05    0.12    0.73 ^ _159_/X (sky130_fd_sc_hd__mux2_1)
     1    0.00                           _055_ (net)
                  0.05    0.00    0.73 ^ _160_/A (sky130_fd_sc_hd__clkbuf_1)
                  0.04    0.08    0.80 ^ _160_/X (sky130_fd_sc_hd__clkbuf_1)
     1    0.00                           _015_ (net)
                  0.04    0.00    0.80 ^ _209_/D (sky130_fd_sc_hd__dfxtp_1)
                                  0.80   data arrival time

                  0.15    0.00    0.00   clock clk (rise edge)
                          0.00    0.00   clock network delay (ideal)
                          0.25    0.25   clock uncertainty
                          0.00    0.25   clock reconvergence pessimism
                                  0.25 ^ _209_/CLK (sky130_fd_sc_hd__dfxtp_1)
                         -0.02    0.23   library hold time
                                  0.23   data required time
-----------------------------------------------------------------------------
                                  0.23   data required time
                                 -0.80   data arrival time
-----------------------------------------------------------------------------
                                  0.57   slack (MET)


Startpoint: _203_ (rising edge-triggered flip-flop clocked by clk)
Endpoint: _210_ (rising edge-triggered flip-flop clocked by clk)
Path Group: clk
Path Type: min

Fanout     Cap    Slew   Delay    Time   Description
-----------------------------------------------------------------------------
                  0.15    0.00    0.00   clock clk (rise edge)
                          0.00    0.00   clock network delay (ideal)
                  0.15    0.00    0.00 ^ _203_/CLK (sky130_fd_sc_hd__dfxtp_1)
                  0.09    0.35    0.35 ^ _203_/Q (sky130_fd_sc_hd__dfxtp_1)
     3    0.01                           spks_cnt[1] (net)
                  0.09    0.00    0.35 ^ _119_/B (sky130_fd_sc_hd__and2b_1)
                  0.06    0.14    0.49 ^ _119_/X (sky130_fd_sc_hd__and2b_1)
     2    0.01                           _091_ (net)
                  0.06    0.00    0.49 ^ _120_/A (sky130_fd_sc_hd__clkbuf_4)
                  0.10    0.17    0.66 ^ _120_/X (sky130_fd_sc_hd__clkbuf_4)
    10    0.03                           _092_ (net)
                  0.10    0.00    0.66 ^ _170_/S (sky130_fd_sc_hd__mux2_1)
                  0.04    0.13    0.79 ^ _170_/X (sky130_fd_sc_hd__mux2_1)
     1    0.00                           _065_ (net)
                  0.04    0.00    0.79 ^ _171_/A (sky130_fd_sc_hd__clkbuf_1)
                  0.04    0.07    0.86 ^ _171_/X (sky130_fd_sc_hd__clkbuf_1)
     1    0.00                           _016_ (net)
                  0.04    0.00    0.86 ^ _210_/D (sky130_fd_sc_hd__dfxtp_1)
                                  0.86   data arrival time

                  0.15    0.00    0.00   clock clk (rise edge)
                          0.00    0.00   clock network delay (ideal)
                          0.25    0.25   clock uncertainty
                          0.00    0.25   clock reconvergence pessimism
                                  0.25 ^ _210_/CLK (sky130_fd_sc_hd__dfxtp_1)
                         -0.02    0.23   library hold time
                                  0.23   data required time
-----------------------------------------------------------------------------
                                  0.23   data required time
                                 -0.86   data arrival time
-----------------------------------------------------------------------------
                                  0.63   slack (MET)


Startpoint: _203_ (rising edge-triggered flip-flop clocked by clk)
Endpoint: _205_ (rising edge-triggered flip-flop clocked by clk)
Path Group: clk
Path Type: min

Fanout     Cap    Slew   Delay    Time   Description
-----------------------------------------------------------------------------
                  0.15    0.00    0.00   clock clk (rise edge)
                          0.00    0.00   clock network delay (ideal)
                  0.15    0.00    0.00 ^ _203_/CLK (sky130_fd_sc_hd__dfxtp_1)
                  0.09    0.35    0.35 ^ _203_/Q (sky130_fd_sc_hd__dfxtp_1)
     3    0.01                           spks_cnt[1] (net)
                  0.09    0.00    0.35 ^ _119_/B (sky130_fd_sc_hd__and2b_1)
                  0.06    0.14    0.49 ^ _119_/X (sky130_fd_sc_hd__and2b_1)
     2    0.01                           _091_ (net)
                  0.06    0.00    0.49 ^ _120_/A (sky130_fd_sc_hd__clkbuf_4)
                  0.10    0.17    0.66 ^ _120_/X (sky130_fd_sc_hd__clkbuf_4)
    10    0.03                           _092_ (net)
                  0.10    0.00    0.66 ^ _128_/S (sky130_fd_sc_hd__mux2_1)
                  0.04    0.14    0.80 ^ _128_/X (sky130_fd_sc_hd__mux2_1)
     1    0.00                           _028_ (net)
                  0.04    0.00    0.80 ^ _129_/A (sky130_fd_sc_hd__clkbuf_1)
                  0.04    0.07    0.87 ^ _129_/X (sky130_fd_sc_hd__clkbuf_1)
     1    0.00                           _011_ (net)
                  0.04    0.00    0.87 ^ _205_/D (sky130_fd_sc_hd__dfxtp_1)
                                  0.87   data arrival time

                  0.15    0.00    0.00   clock clk (rise edge)
                          0.00    0.00   clock network delay (ideal)
                          0.25    0.25   clock uncertainty
                          0.00    0.25   clock reconvergence pessimism
                                  0.25 ^ _205_/CLK (sky130_fd_sc_hd__dfxtp_1)
                         -0.02    0.23   library hold time
                                  0.23   data required time
-----------------------------------------------------------------------------
                                  0.23   data required time
                                 -0.87   data arrival time
-----------------------------------------------------------------------------
                                  0.63   slack (MET)


Startpoint: _197_ (rising edge-triggered flip-flop clocked by clk)
Endpoint: _197_ (rising edge-triggered flip-flop clocked by clk)
Path Group: clk
Path Type: min

Fanout     Cap    Slew   Delay    Time   Description
-----------------------------------------------------------------------------
                  0.15    0.00    0.00   clock clk (rise edge)
                          0.00    0.00   clock network delay (ideal)
                  0.15    0.00    0.00 ^ _197_/CLK (sky130_fd_sc_hd__dfxtp_1)
                  0.08    0.35    0.35 ^ _197_/Q (sky130_fd_sc_hd__dfxtp_1)
     3    0.01                           time_step_pre[3] (net)
                  0.08    0.00    0.35 ^ hold10/A (sky130_fd_sc_hd__dlygate4sd3_1)
                  0.05    0.51    0.86 ^ hold10/X (sky130_fd_sc_hd__dlygate4sd3_1)
     1    0.00                           net36 (net)
                  0.05    0.00    0.86 ^ _103_/A0 (sky130_fd_sc_hd__mux2_1)
                  0.04    0.11    0.97 ^ _103_/X (sky130_fd_sc_hd__mux2_1)
     1    0.00                           _082_ (net)
                  0.04    0.00    0.97 ^ _104_/A (sky130_fd_sc_hd__clkbuf_1)
                  0.04    0.07    1.04 ^ _104_/X (sky130_fd_sc_hd__clkbuf_1)
     1    0.00                           _003_ (net)
                  0.04    0.00    1.04 ^ _197_/D (sky130_fd_sc_hd__dfxtp_1)
                                  1.04   data arrival time

                  0.15    0.00    0.00   clock clk (rise edge)
                          0.00    0.00   clock network delay (ideal)
                          0.25    0.25   clock uncertainty
                          0.00    0.25   clock reconvergence pessimism
                                  0.25 ^ _197_/CLK (sky130_fd_sc_hd__dfxtp_1)
                         -0.02    0.23   library hold time
                                  0.23   data required time
-----------------------------------------------------------------------------
                                  0.23   data required time
                                 -1.04   data arrival time
-----------------------------------------------------------------------------
                                  0.80   slack (MET)


Startpoint: _201_ (rising edge-triggered flip-flop clocked by clk)
Endpoint: _201_ (rising edge-triggered flip-flop clocked by clk)
Path Group: clk
Path Type: min

Fanout     Cap    Slew   Delay    Time   Description
-----------------------------------------------------------------------------
                  0.15    0.00    0.00   clock clk (rise edge)
                          0.00    0.00   clock network delay (ideal)
                  0.15    0.00    0.00 ^ _201_/CLK (sky130_fd_sc_hd__dfxtp_1)
                  0.08    0.35    0.35 ^ _201_/Q (sky130_fd_sc_hd__dfxtp_1)
     2    0.01                           time_step_pre[7] (net)
                  0.08    0.00    0.35 ^ hold14/A (sky130_fd_sc_hd__dlygate4sd3_1)
                  0.05    0.51    0.86 ^ hold14/X (sky130_fd_sc_hd__dlygate4sd3_1)
     1    0.00                           net40 (net)
                  0.05    0.00    0.86 ^ _111_/A0 (sky130_fd_sc_hd__mux2_1)
                  0.04    0.11    0.97 ^ _111_/X (sky130_fd_sc_hd__mux2_1)
     1    0.00                           _086_ (net)
                  0.04    0.00    0.97 ^ _112_/A (sky130_fd_sc_hd__clkbuf_1)
                  0.04    0.07    1.04 ^ _112_/X (sky130_fd_sc_hd__clkbuf_1)
     1    0.00                           _007_ (net)
                  0.04    0.00    1.04 ^ _201_/D (sky130_fd_sc_hd__dfxtp_1)
                                  1.04   data arrival time

                  0.15    0.00    0.00   clock clk (rise edge)
                          0.00    0.00   clock network delay (ideal)
                          0.25    0.25   clock uncertainty
                          0.00    0.25   clock reconvergence pessimism
                                  0.25 ^ _201_/CLK (sky130_fd_sc_hd__dfxtp_1)
                         -0.02    0.23   library hold time
                                  0.23   data required time
-----------------------------------------------------------------------------
                                  0.23   data required time
                                 -1.04   data arrival time
-----------------------------------------------------------------------------
                                  0.81   slack (MET)


Startpoint: _200_ (rising edge-triggered flip-flop clocked by clk)
Endpoint: _200_ (rising edge-triggered flip-flop clocked by clk)
Path Group: clk
Path Type: min

Fanout     Cap    Slew   Delay    Time   Description
-----------------------------------------------------------------------------
                  0.15    0.00    0.00   clock clk (rise edge)
                          0.00    0.00   clock network delay (ideal)
                  0.15    0.00    0.00 ^ _200_/CLK (sky130_fd_sc_hd__dfxtp_1)
                  0.08    0.35    0.35 ^ _200_/Q (sky130_fd_sc_hd__dfxtp_1)
     3    0.01                           time_step_pre[6] (net)
                  0.08    0.00    0.35 ^ hold9/A (sky130_fd_sc_hd__dlygate4sd3_1)
                  0.05    0.51    0.86 ^ hold9/X (sky130_fd_sc_hd__dlygate4sd3_1)
     1    0.00                           net35 (net)
                  0.05    0.00    0.86 ^ _109_/A0 (sky130_fd_sc_hd__mux2_1)
                  0.05    0.11    0.97 ^ _109_/X (sky130_fd_sc_hd__mux2_1)
     1    0.00                           _085_ (net)
                  0.05    0.00    0.97 ^ _110_/A (sky130_fd_sc_hd__clkbuf_1)
                  0.04    0.07    1.05 ^ _110_/X (sky130_fd_sc_hd__clkbuf_1)
     1    0.00                           _006_ (net)
                  0.04    0.00    1.05 ^ _200_/D (sky130_fd_sc_hd__dfxtp_1)
                                  1.05   data arrival time

                  0.15    0.00    0.00   clock clk (rise edge)
                          0.00    0.00   clock network delay (ideal)
                          0.25    0.25   clock uncertainty
                          0.00    0.25   clock reconvergence pessimism
                                  0.25 ^ _200_/CLK (sky130_fd_sc_hd__dfxtp_1)
                         -0.02    0.23   library hold time
                                  0.23   data required time
-----------------------------------------------------------------------------
                                  0.23   data required time
                                 -1.05   data arrival time
-----------------------------------------------------------------------------
                                  0.81   slack (MET)


Startpoint: _212_ (rising edge-triggered flip-flop clocked by clk)
Endpoint: _212_ (rising edge-triggered flip-flop clocked by clk)
Path Group: clk
Path Type: min

Fanout     Cap    Slew   Delay    Time   Description
-----------------------------------------------------------------------------
                  0.15    0.00    0.00   clock clk (rise edge)
                          0.00    0.00   clock network delay (ideal)
                  0.15    0.00    0.00 ^ _212_/CLK (sky130_fd_sc_hd__dfxtp_1)
                  0.07    0.34    0.34 ^ _212_/Q (sky130_fd_sc_hd__dfxtp_1)
     3    0.01                           time_step_post[0] (net)
                  0.07    0.00    0.34 ^ hold15/A (sky130_fd_sc_hd__dlygate4sd3_1)
                  0.05    0.51    0.86 ^ hold15/X (sky130_fd_sc_hd__dlygate4sd3_1)
     1    0.00                           net41 (net)
                  0.05    0.00    0.86 ^ _178_/A0 (sky130_fd_sc_hd__mux2_1)
                  0.05    0.12    0.97 ^ _178_/X (sky130_fd_sc_hd__mux2_1)
     1    0.00                           _071_ (net)
                  0.05    0.00    0.97 ^ _179_/A (sky130_fd_sc_hd__clkbuf_1)
                  0.04    0.07    1.05 ^ _179_/X (sky130_fd_sc_hd__clkbuf_1)
     1    0.00                           _018_ (net)
                  0.04    0.00    1.05 ^ _212_/D (sky130_fd_sc_hd__dfxtp_1)
                                  1.05   data arrival time

                  0.15    0.00    0.00   clock clk (rise edge)
                          0.00    0.00   clock network delay (ideal)
                          0.25    0.25   clock uncertainty
                          0.00    0.25   clock reconvergence pessimism
                                  0.25 ^ _212_/CLK (sky130_fd_sc_hd__dfxtp_1)
                         -0.02    0.23   library hold time
                                  0.23   data required time
-----------------------------------------------------------------------------
                                  0.23   data required time
                                 -1.05   data arrival time
-----------------------------------------------------------------------------
                                  0.81   slack (MET)


Startpoint: _194_ (rising edge-triggered flip-flop clocked by clk)
Endpoint: _194_ (rising edge-triggered flip-flop clocked by clk)
Path Group: clk
Path Type: min

Fanout     Cap    Slew   Delay    Time   Description
-----------------------------------------------------------------------------
                  0.15    0.00    0.00   clock clk (rise edge)
                          0.00    0.00   clock network delay (ideal)
                  0.15    0.00    0.00 ^ _194_/CLK (sky130_fd_sc_hd__dfxtp_1)
                  0.07    0.35    0.35 ^ _194_/Q (sky130_fd_sc_hd__dfxtp_1)
     3    0.01                           time_step_pre[0] (net)
                  0.07    0.00    0.35 ^ hold13/A (sky130_fd_sc_hd__dlygate4sd3_1)
                  0.06    0.52    0.87 ^ hold13/X (sky130_fd_sc_hd__dlygate4sd3_1)
     1    0.00                           net39 (net)
                  0.06    0.00    0.87 ^ _097_/A0 (sky130_fd_sc_hd__mux2_1)
                  0.04    0.11    0.98 ^ _097_/X (sky130_fd_sc_hd__mux2_1)
     1    0.00                           _079_ (net)
                  0.04    0.00    0.98 ^ _098_/A (sky130_fd_sc_hd__clkbuf_1)
                  0.04    0.07    1.05 ^ _098_/X (sky130_fd_sc_hd__clkbuf_1)
     1    0.00                           _000_ (net)
                  0.04    0.00    1.05 ^ _194_/D (sky130_fd_sc_hd__dfxtp_1)
                                  1.05   data arrival time

                  0.15    0.00    0.00   clock clk (rise edge)
                          0.00    0.00   clock network delay (ideal)
                          0.25    0.25   clock uncertainty
                          0.00    0.25   clock reconvergence pessimism
                                  0.25 ^ _194_/CLK (sky130_fd_sc_hd__dfxtp_1)
                         -0.02    0.23   library hold time
                                  0.23   data required time
-----------------------------------------------------------------------------
                                  0.23   data required time
                                 -1.05   data arrival time
-----------------------------------------------------------------------------
                                  0.82   slack (MET)


Startpoint: _219_ (rising edge-triggered flip-flop clocked by clk)
Endpoint: _219_ (rising edge-triggered flip-flop clocked by clk)
Path Group: clk
Path Type: min

Fanout     Cap    Slew   Delay    Time   Description
-----------------------------------------------------------------------------
                  0.15    0.00    0.00   clock clk (rise edge)
                          0.00    0.00   clock network delay (ideal)
                  0.15    0.00    0.00 ^ _219_/CLK (sky130_fd_sc_hd__dfxtp_1)
                  0.08    0.35    0.35 ^ _219_/Q (sky130_fd_sc_hd__dfxtp_1)
     2    0.01                           time_step_post[7] (net)
                  0.08    0.00    0.35 ^ hold18/A (sky130_fd_sc_hd__dlygate4sd3_1)
                  0.05    0.52    0.87 ^ hold18/X (sky130_fd_sc_hd__dlygate4sd3_1)
     1    0.00                           net44 (net)
                  0.05    0.00    0.87 ^ _192_/A0 (sky130_fd_sc_hd__mux2_1)
                  0.04    0.11    0.98 ^ _192_/X (sky130_fd_sc_hd__mux2_1)
     1    0.00                           _078_ (net)
                  0.04    0.00    0.98 ^ _193_/A (sky130_fd_sc_hd__clkbuf_1)
                  0.04    0.08    1.06 ^ _193_/X (sky130_fd_sc_hd__clkbuf_1)
     1    0.00                           _025_ (net)
                  0.04    0.00    1.06 ^ _219_/D (sky130_fd_sc_hd__dfxtp_1)
                                  1.06   data arrival time

                  0.15    0.00    0.00   clock clk (rise edge)
                          0.00    0.00   clock network delay (ideal)
                          0.25    0.25   clock uncertainty
                          0.00    0.25   clock reconvergence pessimism
                                  0.25 ^ _219_/CLK (sky130_fd_sc_hd__dfxtp_1)
                         -0.02    0.23   library hold time
                                  0.23   data required time
-----------------------------------------------------------------------------
                                  0.23   data required time
                                 -1.06   data arrival time
-----------------------------------------------------------------------------
                                  0.83   slack (MET)


Startpoint: _218_ (rising edge-triggered flip-flop clocked by clk)
Endpoint: _218_ (rising edge-triggered flip-flop clocked by clk)
Path Group: clk
Path Type: min

Fanout     Cap    Slew   Delay    Time   Description
-----------------------------------------------------------------------------
                  0.15    0.00    0.00   clock clk (rise edge)
                          0.00    0.00   clock network delay (ideal)
                  0.15    0.00    0.00 ^ _218_/CLK (sky130_fd_sc_hd__dfxtp_1)
                  0.08    0.35    0.35 ^ _218_/Q (sky130_fd_sc_hd__dfxtp_1)
     3    0.01                           time_step_post[6] (net)
                  0.08    0.00    0.35 ^ hold12/A (sky130_fd_sc_hd__dlygate4sd3_1)
                  0.05    0.52    0.86 ^ hold12/X (sky130_fd_sc_hd__dlygate4sd3_1)
     1    0.00                           net38 (net)
                  0.05    0.00    0.86 ^ _190_/A0 (sky130_fd_sc_hd__mux2_1)
                  0.05    0.12    0.98 ^ _190_/X (sky130_fd_sc_hd__mux2_1)
     1    0.00                           _077_ (net)
                  0.05    0.00    0.98 ^ _191_/A (sky130_fd_sc_hd__clkbuf_1)
                  0.05    0.08    1.07 ^ _191_/X (sky130_fd_sc_hd__clkbuf_1)
     1    0.00                           _024_ (net)
                  0.05    0.00    1.07 ^ _218_/D (sky130_fd_sc_hd__dfxtp_1)
                                  1.07   data arrival time

                  0.15    0.00    0.00   clock clk (rise edge)
                          0.00    0.00   clock network delay (ideal)
                          0.25    0.25   clock uncertainty
                          0.00    0.25   clock reconvergence pessimism
                                  0.25 ^ _218_/CLK (sky130_fd_sc_hd__dfxtp_1)
                         -0.02    0.23   library hold time
                                  0.23   data required time
-----------------------------------------------------------------------------
                                  0.23   data required time
                                 -1.07   data arrival time
-----------------------------------------------------------------------------
                                  0.83   slack (MET)


Startpoint: _215_ (rising edge-triggered flip-flop clocked by clk)
Endpoint: _215_ (rising edge-triggered flip-flop clocked by clk)
Path Group: clk
Path Type: min

Fanout     Cap    Slew   Delay    Time   Description
-----------------------------------------------------------------------------
                  0.15    0.00    0.00   clock clk (rise edge)
                          0.00    0.00   clock network delay (ideal)
                  0.15    0.00    0.00 ^ _215_/CLK (sky130_fd_sc_hd__dfxtp_1)
                  0.08    0.35    0.35 ^ _215_/Q (sky130_fd_sc_hd__dfxtp_1)
     3    0.01                           time_step_post[3] (net)
                  0.08    0.00    0.35 ^ hold16/A (sky130_fd_sc_hd__dlygate4sd3_1)
                  0.06    0.53    0.88 ^ hold16/X (sky130_fd_sc_hd__dlygate4sd3_1)
     1    0.00                           net42 (net)
                  0.06    0.00    0.88 ^ _184_/A0 (sky130_fd_sc_hd__mux2_1)
                  0.04    0.12    0.99 ^ _184_/X (sky130_fd_sc_hd__mux2_1)
     1    0.00                           _074_ (net)
                  0.04    0.00    0.99 ^ _185_/A (sky130_fd_sc_hd__clkbuf_1)
                  0.04    0.08    1.07 ^ _185_/X (sky130_fd_sc_hd__clkbuf_1)
     1    0.00                           _021_ (net)
                  0.04    0.00    1.07 ^ _215_/D (sky130_fd_sc_hd__dfxtp_1)
                                  1.07   data arrival time

                  0.15    0.00    0.00   clock clk (rise edge)
                          0.00    0.00   clock network delay (ideal)
                          0.25    0.25   clock uncertainty
                          0.00    0.25   clock reconvergence pessimism
                                  0.25 ^ _215_/CLK (sky130_fd_sc_hd__dfxtp_1)
                         -0.02    0.23   library hold time
                                  0.23   data required time
-----------------------------------------------------------------------------
                                  0.23   data required time
                                 -1.07   data arrival time
-----------------------------------------------------------------------------
                                  0.84   slack (MET)


Startpoint: _216_ (rising edge-triggered flip-flop clocked by clk)
Endpoint: _216_ (rising edge-triggered flip-flop clocked by clk)
Path Group: clk
Path Type: min

Fanout     Cap    Slew   Delay    Time   Description
-----------------------------------------------------------------------------
                  0.15    0.00    0.00   clock clk (rise edge)
                          0.00    0.00   clock network delay (ideal)
                  0.15    0.00    0.00 ^ _216_/CLK (sky130_fd_sc_hd__dfxtp_1)
                  0.08    0.35    0.35 ^ _216_/Q (sky130_fd_sc_hd__dfxtp_1)
     3    0.01                           time_step_post[4] (net)
                  0.08    0.00    0.35 ^ hold11/A (sky130_fd_sc_hd__dlygate4sd3_1)
                  0.05    0.52    0.87 ^ hold11/X (sky130_fd_sc_hd__dlygate4sd3_1)
     1    0.00                           net37 (net)
                  0.05    0.00    0.87 ^ _186_/A0 (sky130_fd_sc_hd__mux2_1)
                  0.05    0.12    0.99 ^ _186_/X (sky130_fd_sc_hd__mux2_1)
     1    0.00                           _075_ (net)
                  0.05    0.00    0.99 ^ _187_/A (sky130_fd_sc_hd__clkbuf_1)
                  0.05    0.08    1.07 ^ _187_/X (sky130_fd_sc_hd__clkbuf_1)
     1    0.00                           _022_ (net)
                  0.05    0.00    1.07 ^ _216_/D (sky130_fd_sc_hd__dfxtp_1)
                                  1.07   data arrival time

                  0.15    0.00    0.00   clock clk (rise edge)
                          0.00    0.00   clock network delay (ideal)
                          0.25    0.25   clock uncertainty
                          0.00    0.25   clock reconvergence pessimism
                                  0.25 ^ _216_/CLK (sky130_fd_sc_hd__dfxtp_1)
                         -0.02    0.23   library hold time
                                  0.23   data required time
-----------------------------------------------------------------------------
                                  0.23   data required time
                                 -1.07   data arrival time
-----------------------------------------------------------------------------
                                  0.84   slack (MET)


Startpoint: _198_ (rising edge-triggered flip-flop clocked by clk)
Endpoint: _198_ (rising edge-triggered flip-flop clocked by clk)
Path Group: clk
Path Type: min

Fanout     Cap    Slew   Delay    Time   Description
-----------------------------------------------------------------------------
                  0.15    0.00    0.00   clock clk (rise edge)
                          0.00    0.00   clock network delay (ideal)
                  0.15    0.00    0.00 ^ _198_/CLK (sky130_fd_sc_hd__dfxtp_1)
                  0.09    0.35    0.35 ^ _198_/Q (sky130_fd_sc_hd__dfxtp_1)
     3    0.01                           time_step_pre[4] (net)
                  0.09    0.00    0.35 ^ hold17/A (sky130_fd_sc_hd__dlygate4sd3_1)
                  0.05    0.52    0.87 ^ hold17/X (sky130_fd_sc_hd__dlygate4sd3_1)
     1    0.00                           net43 (net)
                  0.05    0.00    0.87 ^ _105_/A0 (sky130_fd_sc_hd__mux2_1)
                  0.05    0.12    0.99 ^ _105_/X (sky130_fd_sc_hd__mux2_1)
     1    0.00                           _083_ (net)
                  0.05    0.00    0.99 ^ _106_/A (sky130_fd_sc_hd__clkbuf_1)
                  0.05    0.08    1.07 ^ _106_/X (sky130_fd_sc_hd__clkbuf_1)
     1    0.00                           _004_ (net)
                  0.05    0.00    1.07 ^ _198_/D (sky130_fd_sc_hd__dfxtp_1)
                                  1.07   data arrival time

                  0.15    0.00    0.00   clock clk (rise edge)
                          0.00    0.00   clock network delay (ideal)
                          0.25    0.25   clock uncertainty
                          0.00    0.25   clock reconvergence pessimism
                                  0.25 ^ _198_/CLK (sky130_fd_sc_hd__dfxtp_1)
                         -0.02    0.23   library hold time
                                  0.23   data required time
-----------------------------------------------------------------------------
                                  0.23   data required time
                                 -1.07   data arrival time
-----------------------------------------------------------------------------
                                  0.84   slack (MET)


Startpoint: _195_ (rising edge-triggered flip-flop clocked by clk)
Endpoint: _195_ (rising edge-triggered flip-flop clocked by clk)
Path Group: clk
Path Type: min

Fanout     Cap    Slew   Delay    Time   Description
-----------------------------------------------------------------------------
                  0.15    0.00    0.00   clock clk (rise edge)
                          0.00    0.00   clock network delay (ideal)
                  0.15    0.00    0.00 ^ _195_/CLK (sky130_fd_sc_hd__dfxtp_1)
                  0.10    0.36    0.36 ^ _195_/Q (sky130_fd_sc_hd__dfxtp_1)
     3    0.01                           time_step_pre[1] (net)
                  0.10    0.00    0.37 ^ hold20/A (sky130_fd_sc_hd__dlygate4sd3_1)
                  0.06    0.53    0.90 ^ hold20/X (sky130_fd_sc_hd__dlygate4sd3_1)
     1    0.00                           net46 (net)
                  0.06    0.00    0.90 ^ _099_/A0 (sky130_fd_sc_hd__mux2_1)
                  0.04    0.11    1.01 ^ _099_/X (sky130_fd_sc_hd__mux2_1)
     1    0.00                           _080_ (net)
                  0.04    0.00    1.01 ^ _100_/A (sky130_fd_sc_hd__clkbuf_1)
                  0.04    0.07    1.08 ^ _100_/X (sky130_fd_sc_hd__clkbuf_1)
     1    0.00                           _001_ (net)
                  0.04    0.00    1.08 ^ _195_/D (sky130_fd_sc_hd__dfxtp_1)
                                  1.08   data arrival time

                  0.15    0.00    0.00   clock clk (rise edge)
                          0.00    0.00   clock network delay (ideal)
                          0.25    0.25   clock uncertainty
                          0.00    0.25   clock reconvergence pessimism
                                  0.25 ^ _195_/CLK (sky130_fd_sc_hd__dfxtp_1)
                         -0.02    0.23   library hold time
                                  0.23   data required time
-----------------------------------------------------------------------------
                                  0.23   data required time
                                 -1.08   data arrival time
-----------------------------------------------------------------------------
                                  0.85   slack (MET)


Startpoint: _214_ (rising edge-triggered flip-flop clocked by clk)
Endpoint: _214_ (rising edge-triggered flip-flop clocked by clk)
Path Group: clk
Path Type: min

Fanout     Cap    Slew   Delay    Time   Description
-----------------------------------------------------------------------------
                  0.15    0.00    0.00   clock clk (rise edge)
                          0.00    0.00   clock network delay (ideal)
                  0.15    0.00    0.00 ^ _214_/CLK (sky130_fd_sc_hd__dfxtp_1)
                  0.11    0.37    0.37 ^ _214_/Q (sky130_fd_sc_hd__dfxtp_1)
     3    0.01                           time_step_post[2] (net)
                  0.11    0.00    0.37 ^ hold19/A (sky130_fd_sc_hd__dlygate4sd3_1)
                  0.05    0.52    0.88 ^ hold19/X (sky130_fd_sc_hd__dlygate4sd3_1)
     1    0.00                           net45 (net)
                  0.05    0.00    0.88 ^ _182_/A0 (sky130_fd_sc_hd__mux2_1)
                  0.05    0.11    1.00 ^ _182_/X (sky130_fd_sc_hd__mux2_1)
     1    0.00                           _073_ (net)
                  0.05    0.00    1.00 ^ _183_/A (sky130_fd_sc_hd__clkbuf_1)
                  0.05    0.08    1.08 ^ _183_/X (sky130_fd_sc_hd__clkbuf_1)
     1    0.00                           _020_ (net)
                  0.05    0.00    1.08 ^ _214_/D (sky130_fd_sc_hd__dfxtp_1)
                                  1.08   data arrival time

                  0.15    0.00    0.00   clock clk (rise edge)
                          0.00    0.00   clock network delay (ideal)
                          0.25    0.25   clock uncertainty
                          0.00    0.25   clock reconvergence pessimism
                                  0.25 ^ _214_/CLK (sky130_fd_sc_hd__dfxtp_1)
                         -0.02    0.23   library hold time
                                  0.23   data required time
-----------------------------------------------------------------------------
                                  0.23   data required time
                                 -1.08   data arrival time
-----------------------------------------------------------------------------
                                  0.85   slack (MET)


Startpoint: _213_ (rising edge-triggered flip-flop clocked by clk)
Endpoint: _213_ (rising edge-triggered flip-flop clocked by clk)
Path Group: clk
Path Type: min

Fanout     Cap    Slew   Delay    Time   Description
-----------------------------------------------------------------------------
                  0.15    0.00    0.00   clock clk (rise edge)
                          0.00    0.00   clock network delay (ideal)
                  0.15    0.00    0.00 ^ _213_/CLK (sky130_fd_sc_hd__dfxtp_1)
                  0.11    0.37    0.37 ^ _213_/Q (sky130_fd_sc_hd__dfxtp_1)
     3    0.01                           time_step_post[1] (net)
                  0.11    0.00    0.37 ^ hold21/A (sky130_fd_sc_hd__dlygate4sd3_1)
                  0.05    0.52    0.89 ^ hold21/X (sky130_fd_sc_hd__dlygate4sd3_1)
     1    0.00                           net47 (net)
                  0.05    0.00    0.89 ^ _180_/A0 (sky130_fd_sc_hd__mux2_1)
                  0.05    0.12    1.01 ^ _180_/X (sky130_fd_sc_hd__mux2_1)
     1    0.00                           _072_ (net)
                  0.05    0.00    1.01 ^ _181_/A (sky130_fd_sc_hd__clkbuf_1)
                  0.04    0.08    1.08 ^ _181_/X (sky130_fd_sc_hd__clkbuf_1)
     1    0.00                           _019_ (net)
                  0.04    0.00    1.08 ^ _213_/D (sky130_fd_sc_hd__dfxtp_1)
                                  1.08   data arrival time

                  0.15    0.00    0.00   clock clk (rise edge)
                          0.00    0.00   clock network delay (ideal)
                          0.25    0.25   clock uncertainty
                          0.00    0.25   clock reconvergence pessimism
                                  0.25 ^ _213_/CLK (sky130_fd_sc_hd__dfxtp_1)
                         -0.02    0.23   library hold time
                                  0.23   data required time
-----------------------------------------------------------------------------
                                  0.23   data required time
                                 -1.08   data arrival time
-----------------------------------------------------------------------------
                                  0.85   slack (MET)


Startpoint: _196_ (rising edge-triggered flip-flop clocked by clk)
Endpoint: _196_ (rising edge-triggered flip-flop clocked by clk)
Path Group: clk
Path Type: min

Fanout     Cap    Slew   Delay    Time   Description
-----------------------------------------------------------------------------
                  0.15    0.00    0.00   clock clk (rise edge)
                          0.00    0.00   clock network delay (ideal)
                  0.15    0.00    0.00 ^ _196_/CLK (sky130_fd_sc_hd__dfxtp_1)
                  0.10    0.36    0.36 ^ _196_/Q (sky130_fd_sc_hd__dfxtp_1)
     3    0.01                           time_step_pre[2] (net)
                  0.10    0.00    0.36 ^ hold22/A (sky130_fd_sc_hd__dlygate4sd3_1)
                  0.05    0.52    0.89 ^ hold22/X (sky130_fd_sc_hd__dlygate4sd3_1)
     1    0.00                           net48 (net)
                  0.05    0.00    0.89 ^ _101_/A0 (sky130_fd_sc_hd__mux2_1)
                  0.05    0.12    1.01 ^ _101_/X (sky130_fd_sc_hd__mux2_1)
     1    0.00                           _081_ (net)
                  0.05    0.00    1.01 ^ _102_/A (sky130_fd_sc_hd__clkbuf_1)
                  0.05    0.08    1.10 ^ _102_/X (sky130_fd_sc_hd__clkbuf_1)
     1    0.00                           _002_ (net)
                  0.05    0.00    1.10 ^ _196_/D (sky130_fd_sc_hd__dfxtp_1)
                                  1.10   data arrival time

                  0.15    0.00    0.00   clock clk (rise edge)
                          0.00    0.00   clock network delay (ideal)
                          0.25    0.25   clock uncertainty
                          0.00    0.25   clock reconvergence pessimism
                                  0.25 ^ _196_/CLK (sky130_fd_sc_hd__dfxtp_1)
                         -0.02    0.23   library hold time
                                  0.23   data required time
-----------------------------------------------------------------------------
                                  0.23   data required time
                                 -1.10   data arrival time
-----------------------------------------------------------------------------
                                  0.86   slack (MET)


Startpoint: _207_ (rising edge-triggered flip-flop clocked by clk)
Endpoint: weight_after[3] (output port clocked by clk)
Path Group: clk
Path Type: min

Fanout     Cap    Slew   Delay    Time   Description
-----------------------------------------------------------------------------
                  0.15    0.00    0.00   clock clk (rise edge)
                          0.00    0.00   clock network delay (ideal)
                  0.15    0.00    0.00 ^ _207_/CLK (sky130_fd_sc_hd__dfxtp_1)
                  0.03    0.31    0.31 v _207_/Q (sky130_fd_sc_hd__dfxtp_1)
     2    0.00                           net22 (net)
                  0.03    0.00    0.31 v output22/A (sky130_fd_sc_hd__clkbuf_4)
                  0.08    0.17    0.48 v output22/X (sky130_fd_sc_hd__clkbuf_4)
     1    0.03                           weight_after[3] (net)
                  0.08    0.00    0.48 v weight_after[3] (out)
                                  0.48   data arrival time

                  0.15    0.00    0.00   clock clk (rise edge)
                          0.00    0.00   clock network delay (ideal)
                          0.25    0.25   clock uncertainty
                          0.00    0.25   clock reconvergence pessimism
                         -2.00   -1.75   output external delay
                                 -1.75   data required time
-----------------------------------------------------------------------------
                                 -1.75   data required time
                                 -0.48   data arrival time
-----------------------------------------------------------------------------
                                  2.23   slack (MET)


Startpoint: _206_ (rising edge-triggered flip-flop clocked by clk)
Endpoint: weight_after[2] (output port clocked by clk)
Path Group: clk
Path Type: min

Fanout     Cap    Slew   Delay    Time   Description
-----------------------------------------------------------------------------
                  0.15    0.00    0.00   clock clk (rise edge)
                          0.00    0.00   clock network delay (ideal)
                  0.15    0.00    0.00 ^ _206_/CLK (sky130_fd_sc_hd__dfxtp_1)
                  0.03    0.31    0.31 v _206_/Q (sky130_fd_sc_hd__dfxtp_1)
     2    0.00                           net21 (net)
                  0.03    0.00    0.31 v output21/A (sky130_fd_sc_hd__clkbuf_4)
                  0.08    0.17    0.48 v output21/X (sky130_fd_sc_hd__clkbuf_4)
     1    0.03                           weight_after[2] (net)
                  0.08    0.00    0.48 v weight_after[2] (out)
                                  0.48   data arrival time

                  0.15    0.00    0.00   clock clk (rise edge)
                          0.00    0.00   clock network delay (ideal)
                          0.25    0.25   clock uncertainty
                          0.00    0.25   clock reconvergence pessimism
                         -2.00   -1.75   output external delay
                                 -1.75   data required time
-----------------------------------------------------------------------------
                                 -1.75   data required time
                                 -0.48   data arrival time
-----------------------------------------------------------------------------
                                  2.23   slack (MET)


Startpoint: _210_ (rising edge-triggered flip-flop clocked by clk)
Endpoint: weight_after[6] (output port clocked by clk)
Path Group: clk
Path Type: min

Fanout     Cap    Slew   Delay    Time   Description
-----------------------------------------------------------------------------
                  0.15    0.00    0.00   clock clk (rise edge)
                          0.00    0.00   clock network delay (ideal)
                  0.15    0.00    0.00 ^ _210_/CLK (sky130_fd_sc_hd__dfxtp_1)
                  0.03    0.32    0.32 v _210_/Q (sky130_fd_sc_hd__dfxtp_1)
     2    0.00                           net25 (net)
                  0.03    0.00    0.32 v output25/A (sky130_fd_sc_hd__clkbuf_4)
                  0.08    0.17    0.49 v output25/X (sky130_fd_sc_hd__clkbuf_4)
     1    0.03                           weight_after[6] (net)
                  0.08    0.00    0.49 v weight_after[6] (out)
                                  0.49   data arrival time

                  0.15    0.00    0.00   clock clk (rise edge)
                          0.00    0.00   clock network delay (ideal)
                          0.25    0.25   clock uncertainty
                          0.00    0.25   clock reconvergence pessimism
                         -2.00   -1.75   output external delay
                                 -1.75   data required time
-----------------------------------------------------------------------------
                                 -1.75   data required time
                                 -0.49   data arrival time
-----------------------------------------------------------------------------
                                  2.24   slack (MET)


Startpoint: _211_ (rising edge-triggered flip-flop clocked by clk)
Endpoint: weight_after[7] (output port clocked by clk)
Path Group: clk
Path Type: min

Fanout     Cap    Slew   Delay    Time   Description
-----------------------------------------------------------------------------
                  0.15    0.00    0.00   clock clk (rise edge)
                          0.00    0.00   clock network delay (ideal)
                  0.15    0.00    0.00 ^ _211_/CLK (sky130_fd_sc_hd__dfxtp_1)
                  0.04    0.32    0.32 v _211_/Q (sky130_fd_sc_hd__dfxtp_1)
     2    0.01                           net26 (net)
                  0.04    0.00    0.32 v output26/A (sky130_fd_sc_hd__clkbuf_4)
                  0.08    0.17    0.50 v output26/X (sky130_fd_sc_hd__clkbuf_4)
     1    0.03                           weight_after[7] (net)
                  0.08    0.00    0.50 v weight_after[7] (out)
                                  0.50   data arrival time

                  0.15    0.00    0.00   clock clk (rise edge)
                          0.00    0.00   clock network delay (ideal)
                          0.25    0.25   clock uncertainty
                          0.00    0.25   clock reconvergence pessimism
                         -2.00   -1.75   output external delay
                                 -1.75   data required time
-----------------------------------------------------------------------------
                                 -1.75   data required time
                                 -0.50   data arrival time
-----------------------------------------------------------------------------
                                  2.25   slack (MET)


Startpoint: _208_ (rising edge-triggered flip-flop clocked by clk)
Endpoint: weight_after[4] (output port clocked by clk)
Path Group: clk
Path Type: min

Fanout     Cap    Slew   Delay    Time   Description
-----------------------------------------------------------------------------
                  0.15    0.00    0.00   clock clk (rise edge)
                          0.00    0.00   clock network delay (ideal)
                  0.15    0.00    0.00 ^ _208_/CLK (sky130_fd_sc_hd__dfxtp_1)
                  0.04    0.33    0.33 v _208_/Q (sky130_fd_sc_hd__dfxtp_1)
     2    0.01                           net23 (net)
                  0.04    0.00    0.33 v output23/A (sky130_fd_sc_hd__clkbuf_4)
                  0.08    0.17    0.50 v output23/X (sky130_fd_sc_hd__clkbuf_4)
     1    0.03                           weight_after[4] (net)
                  0.08    0.00    0.50 v weight_after[4] (out)
                                  0.50   data arrival time

                  0.15    0.00    0.00   clock clk (rise edge)
                          0.00    0.00   clock network delay (ideal)
                          0.25    0.25   clock uncertainty
                          0.00    0.25   clock reconvergence pessimism
                         -2.00   -1.75   output external delay
                                 -1.75   data required time
-----------------------------------------------------------------------------
                                 -1.75   data required time
                                 -0.50   data arrival time
-----------------------------------------------------------------------------
                                  2.25   slack (MET)


Startpoint: _204_ (rising edge-triggered flip-flop clocked by clk)
Endpoint: weight_after[0] (output port clocked by clk)
Path Group: clk
Path Type: min

Fanout     Cap    Slew   Delay    Time   Description
-----------------------------------------------------------------------------
                  0.15    0.00    0.00   clock clk (rise edge)
                          0.00    0.00   clock network delay (ideal)
                  0.15    0.00    0.00 ^ _204_/CLK (sky130_fd_sc_hd__dfxtp_1)
                  0.04    0.33    0.33 v _204_/Q (sky130_fd_sc_hd__dfxtp_1)
     2    0.01                           net19 (net)
                  0.04    0.00    0.33 v output19/A (sky130_fd_sc_hd__clkbuf_4)
                  0.08    0.17    0.50 v output19/X (sky130_fd_sc_hd__clkbuf_4)
     1    0.03                           weight_after[0] (net)
                  0.08    0.00    0.50 v weight_after[0] (out)
                                  0.50   data arrival time

                  0.15    0.00    0.00   clock clk (rise edge)
                          0.00    0.00   clock network delay (ideal)
                          0.25    0.25   clock uncertainty
                          0.00    0.25   clock reconvergence pessimism
                         -2.00   -1.75   output external delay
                                 -1.75   data required time
-----------------------------------------------------------------------------
                                 -1.75   data required time
                                 -0.50   data arrival time
-----------------------------------------------------------------------------
                                  2.25   slack (MET)


Startpoint: _209_ (rising edge-triggered flip-flop clocked by clk)
Endpoint: weight_after[5] (output port clocked by clk)
Path Group: clk
Path Type: min

Fanout     Cap    Slew   Delay    Time   Description
-----------------------------------------------------------------------------
                  0.15    0.00    0.00   clock clk (rise edge)
                          0.00    0.00   clock network delay (ideal)
                  0.15    0.00    0.00 ^ _209_/CLK (sky130_fd_sc_hd__dfxtp_1)
                  0.04    0.32    0.32 v _209_/Q (sky130_fd_sc_hd__dfxtp_1)
     2    0.01                           net24 (net)
                  0.04    0.00    0.32 v output24/A (sky130_fd_sc_hd__clkbuf_4)
                  0.09    0.17    0.50 v output24/X (sky130_fd_sc_hd__clkbuf_4)
     1    0.04                           weight_after[5] (net)
                  0.09    0.00    0.50 v weight_after[5] (out)
                                  0.50   data arrival time

                  0.15    0.00    0.00   clock clk (rise edge)
                          0.00    0.00   clock network delay (ideal)
                          0.25    0.25   clock uncertainty
                          0.00    0.25   clock reconvergence pessimism
                         -2.00   -1.75   output external delay
                                 -1.75   data required time
-----------------------------------------------------------------------------
                                 -1.75   data required time
                                 -0.50   data arrival time
-----------------------------------------------------------------------------
                                  2.25   slack (MET)


Startpoint: _205_ (rising edge-triggered flip-flop clocked by clk)
Endpoint: weight_after[1] (output port clocked by clk)
Path Group: clk
Path Type: min

Fanout     Cap    Slew   Delay    Time   Description
-----------------------------------------------------------------------------
                  0.15    0.00    0.00   clock clk (rise edge)
                          0.00    0.00   clock network delay (ideal)
                  0.15    0.00    0.00 ^ _205_/CLK (sky130_fd_sc_hd__dfxtp_1)
                  0.04    0.32    0.32 v _205_/Q (sky130_fd_sc_hd__dfxtp_1)
     2    0.01                           net20 (net)
                  0.04    0.00    0.32 v output20/A (sky130_fd_sc_hd__clkbuf_4)
                  0.09    0.18    0.50 v output20/X (sky130_fd_sc_hd__clkbuf_4)
     1    0.04                           weight_after[1] (net)
                  0.09    0.00    0.50 v weight_after[1] (out)
                                  0.50   data arrival time

                  0.15    0.00    0.00   clock clk (rise edge)
                          0.00    0.00   clock network delay (ideal)
                          0.25    0.25   clock uncertainty
                          0.00    0.25   clock reconvergence pessimism
                         -2.00   -1.75   output external delay
                                 -1.75   data required time
-----------------------------------------------------------------------------
                                 -1.75   data required time
                                 -0.50   data arrival time
-----------------------------------------------------------------------------
                                  2.25   slack (MET)



worst slack corner Typical: 0.2850
